gui_api.c:650:23:GUI_Init	32	static,ignoring_inline_asm
gui_api.c:722:6:GUI_Start	8	static
gui_api.c:737:13:TaskGUI	48	static
gui_api.c:837:17:CheckGUITimers	24	static
gui_api.c:859:6:GUI_TimerCounter	4	static
gui_api.c:898:6:GUI_CALLBACK_RX	24	static,ignoring_inline_asm
gui_api.c:928:10:GUI_RXProcess	40	static
gui_api.c:988:10:GUI_FormatAndSendNotification	40	static
gui_api.c:1007:10:GUI_GetMessage	24	static
gui_api.c:1132:17:GUI_SendAnswer	24	static
gui_api.c:1244:17:GUI_SendNotification	160	static
gui_api.c:1619:6:GUI_PostNotificationMessage	24	static
gui_api.c:1657:23:GUI_IsRunning	4	static
gui_api.c:1670:6:GUI_SaveInfo	48	static
gui_api.c:1829:6:GUI_RegisterCallback_FreeText	16	static
gui_api.c:1847:13:Send_DpmInitCnf	72	static
gui_api.c:1974:13:Request_MessageReq	72	static
gui_api.c:2456:13:Send_DpmConfigSetCnf	352	static
gui_api.c:2736:13:Send_DpmConfigGetCnf	80	static
gui_api.c:3106:13:Send_DpmConfigGetRej	32	static
gui_api.c:3115:13:Send_DpmMessageRej	32	static
gui_api.c:3124:13:Send_DpmRegisterReadCnf	80	static
gui_api.c:3289:13:Send_DpmRegisterWriteCnf	56	static
gui_api.c:3441:28:Manage_FreeText	24	static
gui_api.c:3459:13:UpdateSNKPowerPort0	40	static
