usbpd_dpm_core.c:128:21:USBPD_DPM_InitCore	16	static
usbpd_dpm_core.c:217:21:USBPD_DPM_InitOS	8	static
usbpd_dpm_core.c:256:6:USBPD_DPM_Run	8	static
usbpd_dpm_core.c:268:6:USBPD_DPM_TimerCounter	8	static
usbpd_dpm_core.c:293:13:USBPD_PE_TaskWakeUp	24	static
usbpd_dpm_core.c:307:13:USBPD_DPM_CADTaskWakeUp	16	static
usbpd_dpm_core.c:342:6:USBPD_PE_Task_P0	16	static
usbpd_dpm_core.c:352:6:USBPD_PE_Task_P1	16	static
usbpd_dpm_core.c:362:13:PE_Task	32	static
usbpd_dpm_core.c:381:6:USBPD_CAD_Task	32	static
usbpd_dpm_core.c:402:6:USBPD_DPM_CADCallback	32	static
usbpd_dpm_core.c:463:13:DPM_ManageAttachedState	24	static
