usbpd_pwr_user.c:115:16:BSP_USBPD_PWR_Init	24	static
usbpd_pwr_user.c:136:16:BSP_USBPD_PWR_Deinit	32	static
usbpd_pwr_user.c:166:16:BSP_USBPD_PWR_SetRole	32	static
usbpd_pwr_user.c:198:16:BSP_USBPD_PWR_SetPowerMode	32	static
usbpd_pwr_user.c:230:16:BSP_USBPD_PWR_GetPowerMode	32	static
usbpd_pwr_user.c:256:16:BSP_USBPD_PWR_VBUSInit	32	static
usbpd_pwr_user.c:283:16:BSP_USBPD_PWR_VBUSDeInit	24	static
usbpd_pwr_user.c:304:16:BSP_USBPD_PWR_VBUSOn	32	static
usbpd_pwr_user.c:330:16:BSP_USBPD_PWR_VBUSOff	32	static
usbpd_pwr_user.c:359:16:BSP_USBPD_PWR_VBUSSetVoltage_Fixed	32	static
usbpd_pwr_user.c:387:16:BSP_USBPD_PWR_VBUSSetVoltage_Variable	32	static
usbpd_pwr_user.c:416:16:BSP_USBPD_PWR_VBUSSetVoltage_Battery	32	static
usbpd_pwr_user.c:444:16:BSP_USBPD_PWR_VBUSSetVoltage_APDO	32	static
usbpd_pwr_user.c:469:16:BSP_USBPD_PWR_VBUSGetVoltage	24	static
usbpd_pwr_user.c:501:16:BSP_USBPD_PWR_VBUSGetCurrent	24	static
usbpd_pwr_user.c:531:16:BSP_USBPD_PWR_VCONNInit	24	static
usbpd_pwr_user.c:557:16:BSP_USBPD_PWR_VCONNDeInit	24	static
usbpd_pwr_user.c:583:16:BSP_USBPD_PWR_VCONNOn	24	static
usbpd_pwr_user.c:609:16:BSP_USBPD_PWR_VCONNOff	24	static
usbpd_pwr_user.c:636:16:BSP_USBPD_PWR_VCONNIsOn	32	static
usbpd_pwr_user.c:663:16:BSP_USBPD_PWR_SetVBUSDisconnectionThreshold	24	static
usbpd_pwr_user.c:690:16:BSP_USBPD_PWR_RegisterVBUSDetectCallback	24	static
usbpd_pwr_user.c:713:16:BSP_USBPD_PWR_VBUSIsOn	32	static
usbpd_pwr_user.c:742:16:BSP_USBPD_PWR_VCCSetState	32	static
usbpd_pwr_user.c:770:13:BSP_USBPD_PWR_EventCallback	24	static
