usbpd_dpm_user.c:156:21:USBPD_DPM_UserInit	4	static
usbpd_dpm_user.c:170:6:USBPD_DPM_SetNotification_GUI	24	static
usbpd_dpm_user.c:182:6:USBPD_DPM_WaitForTime	16	static
usbpd_dpm_user.c:195:6:USBPD_DPM_UserExecute	16	static
usbpd_dpm_user.c:209:6:USBPD_DPM_UserCableDetection	80	static
usbpd_dpm_user.c:238:6:USBPD_DPM_UserTimerCounter	16	static
usbpd_dpm_user.c:259:6:USBPD_DPM_Notification	80	static
usbpd_dpm_user.c:316:6:USBPD_DPM_HardReset	80	static
usbpd_dpm_user.c:331:6:USBPD_DPM_GetDataInfo	88	static
usbpd_dpm_user.c:366:6:USBPD_DPM_SetDataInfo	96	static
usbpd_dpm_user.c:415:6:USBPD_DPM_SNK_EvaluateCapabilities	32	static
usbpd_dpm_user.c:435:21:USBPD_DPM_EvaluateVconnSwap	24	static
usbpd_dpm_user.c:454:21:USBPD_DPM_PE_VconnPwr	16	static
usbpd_dpm_user.c:472:6:USBPD_DPM_ExtendedMessageReceived	16	static
usbpd_dpm_user.c:484:6:USBPD_DPM_EnterErrorRecovery	16	static
usbpd_dpm_user.c:501:21:USBPD_DPM_EvaluateDataRoleSwap	24	static
usbpd_dpm_user.c:531:23:USBPD_DPM_IsPowerReady	16	static
usbpd_dpm_user.c:551:21:USBPD_DPM_RequestHardReset	80	static
usbpd_dpm_user.c:565:21:USBPD_DPM_RequestCableReset	80	static
usbpd_dpm_user.c:577:21:USBPD_DPM_RequestGotoMin	80	static
usbpd_dpm_user.c:591:21:USBPD_DPM_RequestPing	80	static
usbpd_dpm_user.c:605:21:USBPD_DPM_RequestMessageRequest	80	static
usbpd_dpm_user.c:622:21:USBPD_DPM_RequestGetSourceCapability	80	static
usbpd_dpm_user.c:634:21:USBPD_DPM_RequestGetSinkCapability	80	static
usbpd_dpm_user.c:646:21:USBPD_DPM_RequestDataRoleSwap	80	static
usbpd_dpm_user.c:658:21:USBPD_DPM_RequestPowerRoleSwap	80	static
usbpd_dpm_user.c:669:21:USBPD_DPM_RequestVconnSwap	80	static
usbpd_dpm_user.c:682:21:USBPD_DPM_RequestSoftReset	80	static
usbpd_dpm_user.c:694:21:USBPD_DPM_RequestSourceCapability	80	static
usbpd_dpm_user.c:708:21:USBPD_DPM_RequestVDM_DiscoveryIdentify	80	static
usbpd_dpm_user.c:727:21:USBPD_DPM_RequestVDM_DiscoverySVID	80	static
usbpd_dpm_user.c:741:21:USBPD_DPM_RequestVDM_DiscoveryMode	80	static
usbpd_dpm_user.c:756:21:USBPD_DPM_RequestVDM_EnterMode	88	static
usbpd_dpm_user.c:771:21:USBPD_DPM_RequestVDM_ExitMode	88	static
usbpd_dpm_user.c:786:21:USBPD_DPM_RequestDisplayPortStatus	80	static
usbpd_dpm_user.c:804:21:USBPD_DPM_RequestDisplayPortConfig	80	static
usbpd_dpm_user.c:822:21:USBPD_DPM_RequestAttention	80	static
usbpd_dpm_user.c:835:21:USBPD_DPM_RequestAlert	80	static
usbpd_dpm_user.c:847:21:USBPD_DPM_RequestGetSourceCapabilityExt	80	static
usbpd_dpm_user.c:859:21:USBPD_DPM_RequestGetSinkCapabilityExt	80	static
usbpd_dpm_user.c:873:21:USBPD_DPM_RequestGetManufacturerInfo	80	static
usbpd_dpm_user.c:889:21:USBPD_DPM_RequestGetPPS_Status	80	static
usbpd_dpm_user.c:901:21:USBPD_DPM_RequestGetStatus	80	static
usbpd_dpm_user.c:913:21:USBPD_DPM_RequestFastRoleSwap	80	static
usbpd_dpm_user.c:925:21:USBPD_DPM_RequestGetCountryCodes	80	static
usbpd_dpm_user.c:938:21:USBPD_DPM_RequestGetCountryInfo	80	static
usbpd_dpm_user.c:951:21:USBPD_DPM_RequestGetBatteryCapability	80	static
usbpd_dpm_user.c:964:21:USBPD_DPM_RequestGetBatteryStatus	80	static
usbpd_dpm_user.c:976:21:USBPD_DPM_RequestSecurityRequest	80	static
