core_cm4.h:1679:22:__NVIC_EnableIRQ	16	static,ignoring_inline_asm
core_cm4.h:1809:22:__NVIC_SetPriority	16	static
stm32g4xx_ll_bus.h:245:22:LL_AHB1_GRP1_EnableClock	24	static
stm32g4xx_ll_bus.h:453:22:LL_AHB2_GRP1_EnableClock	24	static
stm32g4xx_ll_bus.h:937:22:LL_APB1_GRP2_EnableClock	24	static
stm32g4xx_ll_bus.h:1089:22:LL_APB1_GRP2_DisableClock	16	static
stm32g4xx_ll_dma.h:518:22:LL_DMA_EnableChannel	24	static
stm32g4xx_ll_dma.h:540:22:LL_DMA_DisableChannel	24	static
stm32g4xx_ll_dma.h:600:22:LL_DMA_ConfigTransfer	32	static
stm32g4xx_ll_dma.h:656:26:LL_DMA_GetDataTransferDirection	24	static
stm32g4xx_ll_dma.h:998:22:LL_DMA_SetDataLength	32	static
stm32g4xx_ll_dma.h:1055:22:LL_DMA_ConfigAddresses	32	static
stm32g4xx_ll_dma.h:1407:22:LL_DMA_SetPeriphRequest	32	static
stm32g4xx_ll_dma.h:1686:26:LL_DMA_IsActiveFlag_TC3	16	static
stm32g4xx_ll_dma.h:2086:22:LL_DMA_ClearFlag_TC3	16	static
stm32g4xx_ll_dma.h:2357:22:LL_DMA_EnableIT_TC	24	static
stm32g4xx_ll_gpio.h:286:22:LL_GPIO_SetPinMode	48	static,ignoring_inline_asm
stm32g4xx_ll_gpio.h:355:22:LL_GPIO_SetPinOutputType	24	static
stm32g4xx_ll_gpio.h:426:22:LL_GPIO_SetPinSpeed	48	static,ignoring_inline_asm
stm32g4xx_ll_gpio.h:497:22:LL_GPIO_SetPinPull	48	static,ignoring_inline_asm
stm32g4xx_ll_gpio.h:569:22:LL_GPIO_SetAFPin_0_7	48	static,ignoring_inline_asm
stm32g4xx_ll_lpuart.h:497:22:LL_LPUART_Enable	16	static
stm32g4xx_ll_lpuart.h:516:22:LL_LPUART_Disable	16	static
stm32g4xx_ll_lpuart.h:705:22:LL_LPUART_EnableDirectionRx	16	static
stm32g4xx_ll_lpuart.h:1763:26:LL_LPUART_IsActiveFlag_TEACK	16	static
stm32g4xx_ll_lpuart.h:1829:22:LL_LPUART_ClearFlag_PE	16	static
stm32g4xx_ll_lpuart.h:1840:22:LL_LPUART_ClearFlag_FE	16	static
stm32g4xx_ll_lpuart.h:1851:22:LL_LPUART_ClearFlag_NE	16	static
stm32g4xx_ll_lpuart.h:1862:22:LL_LPUART_ClearFlag_ORE	16	static
stm32g4xx_ll_lpuart.h:1895:22:LL_LPUART_ClearFlag_TC	16	static
stm32g4xx_ll_lpuart.h:1961:22:LL_LPUART_EnableIT_RXNE_RXFNE	16	static
stm32g4xx_ll_lpuart.h:1972:22:LL_LPUART_EnableIT_TC	16	static
stm32g4xx_ll_lpuart.h:2045:22:LL_LPUART_EnableIT_ERROR	16	static
stm32g4xx_ll_lpuart.h:2125:22:LL_LPUART_DisableIT_TC	16	static
stm32g4xx_ll_lpuart.h:2267:26:LL_LPUART_IsEnabledIT_RXNE_RXFNE	16	static
stm32g4xx_ll_lpuart.h:2278:26:LL_LPUART_IsEnabledIT_TC	16	static
stm32g4xx_ll_lpuart.h:2303:26:LL_LPUART_IsEnabledIT_PE	16	static
stm32g4xx_ll_lpuart.h:2347:26:LL_LPUART_IsEnabledIT_ERROR	16	static
stm32g4xx_ll_lpuart.h:2443:22:LL_LPUART_EnableDMAReq_TX	16	static
stm32g4xx_ll_lpuart.h:2513:26:LL_LPUART_DMA_GetRegAddr	24	static
stm32g4xx_ll_lpuart.h:2545:25:LL_LPUART_ReceiveData8	16	static
tracer_emb_hw.c:157:6:HW_TRACER_EMB_Init	72	static
tracer_emb_hw.c:349:6:HW_TRACER_EMB_DeInit	8	static
tracer_emb_hw.c:360:6:HW_TRACER_EMB_RegisterRxCallback	16	static
tracer_emb_hw.c:370:6:HW_TRACER_EMB_StartRX	8	static
tracer_emb_hw.c:389:6:HW_TRACER_EMB_IRQHandlerDMA	8	static
tracer_emb_hw.c:403:6:HW_TRACER_EMB_IRQHandlerUSART	32	static
tracer_emb_hw.c:561:6:HW_TRACER_EMB_SendData	32	static
tracer_emb_hw.c:620:9:HW_TRACER_EMB_ReadData	8	static
