core_cm4.h:1667:26:__NVIC_GetPriorityGrouping	4	static
core_cm4.h:1679:22:__NVIC_EnableIRQ	16	static,ignoring_inline_asm
core_cm4.h:1809:22:__NVIC_SetPriority	16	static
core_cm4.h:1856:26:NVIC_EncodePriority	40	static
stm32g4xx_ll_lpuart.h:497:22:LL_LPUART_Enable	16	static
stm32g4xx_ll_lpuart.h:549:22:LL_LPUART_DisableFIFO	16	static
stm32g4xx_ll_lpuart.h:578:22:LL_LPUART_SetTXFIFOThreshold	16	static
stm32g4xx_ll_lpuart.h:613:22:LL_LPUART_SetRXFIFOThreshold	16	static
stm32g4xx_ll_lpuart.h:1763:26:LL_LPUART_IsActiveFlag_TEACK	16	static
stm32g4xx_ll_lpuart.h:1774:26:LL_LPUART_IsActiveFlag_REACK	16	static
stm32g4xx_ll_bus.h:453:22:LL_AHB2_GRP1_EnableClock	24	static
stm32g4xx_ll_bus.h:937:22:LL_APB1_GRP2_EnableClock	24	static
stm32g4xx_ll_dma.h:629:22:LL_DMA_SetDataTransferDirection	32	static
stm32g4xx_ll_dma.h:684:22:LL_DMA_SetMode	32	static
stm32g4xx_ll_dma.h:735:22:LL_DMA_SetPeriphIncMode	32	static
stm32g4xx_ll_dma.h:786:22:LL_DMA_SetMemoryIncMode	32	static
stm32g4xx_ll_dma.h:838:22:LL_DMA_SetPeriphSize	32	static
stm32g4xx_ll_dma.h:891:22:LL_DMA_SetMemorySize	32	static
stm32g4xx_ll_dma.h:945:22:LL_DMA_SetChannelPriorityLevel	32	static
stm32g4xx_ll_dma.h:1407:22:LL_DMA_SetPeriphRequest	32	static
main.c:82:5:main	8	static
main.c:166:6:SystemClock_Config	168	static
main.c:222:13:MX_LPUART1_UART_Init	64	static
main.c:333:13:MX_UCPD1_Init	32	static
main.c:412:13:MX_DMA_Init	16	static
main.c:440:13:MX_GPIO_Init	48	static
main.c:483:6:StartDefaultTask	16	static
main.c:503:6:HAL_TIM_PeriodElapsedCallback	16	static
main.c:524:6:Error_Handler	4	static,ignoring_inline_asm
