stm32g4xx_it.c:74:6:NMI_Handler	4	static
stm32g4xx_it.c:89:6:HardFault_Handler	4	static
stm32g4xx_it.c:104:6:MemManage_Handler	4	static
stm32g4xx_it.c:119:6:BusFault_Handler	4	static
stm32g4xx_it.c:134:6:UsageFault_Handler	4	static
stm32g4xx_it.c:149:6:DebugMon_Handler	4	static
stm32g4xx_it.c:169:6:DMA1_Channel1_IRQHandler	4	static
stm32g4xx_it.c:183:6:DMA1_Channel2_IRQHandler	4	static
stm32g4xx_it.c:197:6:DMA1_Channel3_IRQHandler	8	static
stm32g4xx_it.c:212:6:DMA1_Channel4_IRQHandler	4	static
stm32g4xx_it.c:226:6:USB_HP_IRQHandler	8	static
stm32g4xx_it.c:240:6:USB_LP_IRQHandler	8	static
stm32g4xx_it.c:254:6:EXTI15_10_IRQHandler	8	static
stm32g4xx_it.c:268:6:TIM6_DAC_IRQHandler	8	static
stm32g4xx_it.c:282:6:UCPD1_IRQHandler	8	static
stm32g4xx_it.c:297:6:LPUART1_IRQHandler	8	static
