stm32g4xx_ll_bus.h:1429:22:LL_APB2_GRP1_EnableClock	24	static
stm32g4xx_ll_bus.h:1505:22:LL_APB2_GRP1_DisableClock	16	static
stm32g4xx_ll_tim.h:1943:22:LL_TIM_EnableCounter	16	static
stm32g4xx_ll_tim.h:2083:22:LL_TIM_SetCounterMode	16	static
stm32g4xx_ll_tim.h:2238:22:LL_TIM_SetPrescaler	16	static
stm32g4xx_ll_tim.h:2249:26:LL_TIM_GetPrescaler	16	static
stm32g4xx_ll_tim.h:2266:22:LL_TIM_SetAutoReload	16	static
stm32g4xx_ll_tim.h:2663:22:LL_TIM_OC_SetMode	32	static
stm32g4xx_ll_tim.h:2740:22:LL_TIM_OC_SetPolarity	32	static
stm32g4xx_ll_tim.h:3121:22:LL_TIM_OC_SetCompareCH1	16	static
stm32g4xx_ll_tim.h:3139:22:LL_TIM_OC_SetCompareCH2	16	static
stm32g4xx_ll_tim.h:3157:22:LL_TIM_OC_SetCompareCH3	16	static
stm32g4xx_ll_tim.h:3175:22:LL_TIM_OC_SetCompareCH4	16	static
stm32g4xx_ll_tim.h:5394:22:LL_TIM_ClearFlag_CC1	16	static
stm32g4xx_ll_tim.h:5405:26:LL_TIM_IsActiveFlag_CC1	16	static
stm32g4xx_ll_tim.h:5416:22:LL_TIM_ClearFlag_CC2	16	static
stm32g4xx_ll_tim.h:5427:26:LL_TIM_IsActiveFlag_CC2	16	static
stm32g4xx_ll_tim.h:5438:22:LL_TIM_ClearFlag_CC3	16	static
stm32g4xx_ll_tim.h:5449:26:LL_TIM_IsActiveFlag_CC3	16	static
stm32g4xx_ll_tim.h:5460:22:LL_TIM_ClearFlag_CC4	16	static
stm32g4xx_ll_tim.h:5471:26:LL_TIM_IsActiveFlag_CC4	16	static
usbpd_timersserver.c:48:6:USBPD_TIM_Init	16	static
usbpd_timersserver.c:92:6:USBPD_TIM_DeInit	8	static
usbpd_timersserver.c:107:6:USBPD_TIM_Start	16	static
usbpd_timersserver.c:134:10:USBPD_TIM_IsExpired	24	static
